<html>
<body>
<pre>
<h1>µVision Build Log</h1>
<h2>Tool Versions:</h2>
IDE-Version: µVision V5.24.2.0
Copyright (C) 2017 ARM Ltd and ARM Germany GmbH. All rights reserved.
License Information: SCSE Hardware 1, NTU, LIC=----
 
Tool Versions:
Toolchain:       MDK-Lite  Version: 5.24.1
Toolchain Path:  C:\Keil_v5\ARM\ARMCC\Bin
C Compiler:      Armcc.exe V5.06 update 5 (build 528)
Assembler:       Armasm.exe V5.06 update 5 (build 528)
Linker/Locator:  ArmLink.exe V5.06 update 5 (build 528)
Library Manager: ArmAr.exe V5.06 update 5 (build 528)
Hex Converter:   FromElf.exe V5.06 update 5 (build 528)
CPU DLL:         SARMCM3.DLL V5.24.1
Dialog DLL:      DCM.DLL V1.16.0.0
Target DLL:      STLink\ST-LINKIII-KEIL_SWO.dll V3.0.1.0
Dialog DLL:      TCM.DLL V1.32.0.0
 
<h2>Project:</h2>
C:\Users\C210024\Documents\SC3103.uvproj
Project File Date:  08/29/2023

<h2>Output:</h2>
*** Using Compiler 'V5.06 update 5 (build 528)', folder: 'C:\Keil_v5\ARM\ARMCC\Bin'
Rebuild target 'Target 1'
assembling startup_stm32f40_41xxx.s...
compiling stm32f4xx_pwr.c...
compiling stm32f4xx_gpio.c...
compiling sys.c...
compiling stm32f4xx_syscfg.c...
compiling misc.c...
compiling stm32f4xx_it.c...
compiling stm32f4xx_i2c.c...
compiling system_stm32f4xx.c...
compiling stm32f4xx_usart.c...
compiling delay.c...
compiling stm32f4xx_rcc.c...
compiling main.c...
compiling system.c...
compiling stm32f4xx_tim.c...
compiling led.c...
compiling croutine.c...
compiling list.c...
compiling event_groups.c...
compiling heap_4.c...
compiling buzzer.c...
compiling port.c...
compiling oled.c...
compiling show.c...
Hardware\show.c(30): warning:  #167-D: argument of type "uint8_t *" is incompatible with parameter of type "char *restrict"
  		sprintf(string_buffer , "%d", seconds);
Hardware\show.c(39): warning:  #111-D: statement is unreachable
  	 OLED_Refresh_Gram(); //refresh the OLED RAM
Hardware\show.c: 2 warnings, 0 errors
compiling timers.c...
compiling queue.c...
compiling tasks.c...
linking...
Program Size: Code=8478 RO-data=3086 RW-data=168 ZI-data=24000  
FromELF: creating hex file...
".\Objects\SC3103.axf" - 0 Error(s), 2 Warning(s).
Build Time Elapsed:  00:00:03
</pre>
</body>
</html>
